******************************************************************************
                  TI ARM Linker PC v16.9.3                     
******************************************************************************
>> Linked Wed Jun 21 11:10:48 2017

OUTPUT FILE NAME:   <SysTick and Led.out>
ENTRY POINT SYMBOL: "_c_int00"  address: 00000579


MEMORY CONFIGURATION

         name            origin    length      used     unused   attr    fill
----------------------  --------  ---------  --------  --------  ----  --------
  FLASH                 00000000   00040000  000006de  0003f922  R  X
  SRAM                  20000000   00008000  00000218  00007de8  RW X


SEGMENT ALLOCATION MAP

run origin  load origin   length   init length attrs members
----------  ----------- ---------- ----------- ----- -------
00000000    00000000    000006e4   000006e4    r-x
  00000000    00000000    0000026c   0000026c    r-- .intvecs
  0000026c    0000026c    0000044e   0000044e    r-x .text
  000006c0    000006c0    00000024   00000024    r-- .cinit
20000000    20000000    00000218   00000000    rw-
  20000000    20000000    00000200   00000000    rw- .stack
  20000200    20000200    00000018   00000000    rw- .data


SECTION ALLOCATION MAP

 output                                  attributes/
section   page    origin      length       input sections
--------  ----  ----------  ----------   ----------------
.intvecs   0    00000000    0000026c     
                  00000000    0000026c     tm4c123gh6pm_startup_ccs.obj (.intvecs)

.text      0    0000026c    0000044e     
                  0000026c    00000198     main.obj (.text)
                  00000404    0000009c     rtsv7M4_T_le_v4SPD16_eabi.lib : memcpy_t2.obj (.text)
                  000004a0    00000070                                   : autoinit.obj (.text)
                  00000510    00000068                                   : copy_decompress_lzss.obj (.text:decompress:lzss)
                  00000578    00000054                                   : boot.obj (.text)
                  000005cc    00000054                                   : exit.obj (.text)
                  00000620    0000004c                                   : cpy_tbl.obj (.text)
                  0000066c    00000018                                   : args_main.obj (.text)
                  00000684    00000014                                   : _lock.obj (.text)
                  00000698    0000000e                                   : copy_decompress_none.obj (.text:decompress:none)
                  000006a6    0000000c     tm4c123gh6pm_startup_ccs.obj (.text)
                  000006b2    00000004     rtsv7M4_T_le_v4SPD16_eabi.lib : pre_init.obj (.text)
                  000006b6    00000002                                   : mpu_init.obj (.text)
                  000006b8    00000002                                   : startup.obj (.text)

.cinit     0    000006c0    00000024     
                  000006c0    00000011     (.cinit..data.load) [load image, compression = lzss]
                  000006d1    00000003     --HOLE-- [fill = 0]
                  000006d4    00000008     (__TI_handler_table)
                  000006dc    00000008     (__TI_cinit_table)

.init_array 
*          0    00000000    00000000     UNINITIALIZED

.stack     0    20000000    00000200     UNINITIALIZED
                  20000000    00000200     --HOLE--

.data      0    20000200    00000018     UNINITIALIZED
                  20000200    0000000c     rtsv7M4_T_le_v4SPD16_eabi.lib : exit.obj (.data:$O1$$)
                  2000020c    00000008                                   : _lock.obj (.data:$O1$$)
                  20000214    00000004                                   : stkdepth_vars.obj (.data)

MODULE SUMMARY

       Module                         code   ro data   rw data
       ------                         ----   -------   -------
    .\
       tm4c123gh6pm_startup_ccs.obj   12     620       0      
       main.obj                       408    0         0      
    +--+------------------------------+------+---------+---------+
       Total:                         420    620       0      
                                                              
    C:\ti\ccsv7\tools\compiler\ti-cgt-arm_16.9.3.LTS\lib\rtsv7M4_T_le_v4SPD16_eabi.lib
       memcpy_t2.obj                  156    0         0      
       autoinit.obj                   112    0         0      
       copy_decompress_lzss.obj       104    0         0      
       exit.obj                       84     0         12     
       boot.obj                       84     0         0      
       cpy_tbl.obj                    76     0         0      
       _lock.obj                      20     0         8      
       args_main.obj                  24     0         0      
       copy_decompress_none.obj       14     0         0      
       pre_init.obj                   4      0         0      
       stkdepth_vars.obj              0      0         4      
       mpu_init.obj                   2      0         0      
       startup.obj                    2      0         0      
    +--+------------------------------+------+---------+---------+
       Total:                         682    0         24     
                                                              
       Stack:                         0      0         512    
       Linker Generated:              0      33        0      
    +--+------------------------------+------+---------+---------+
       Grand Total:                   1102   653       536    


LINKER GENERATED COPY TABLES

__TI_cinit_table @ 000006dc records: 1, size/record: 8, table size: 8
	.data: load addr=000006c0, load size=00000011 bytes, run addr=20000200, run size=00000018 bytes, compression=lzss


LINKER GENERATED HANDLER TABLE

__TI_handler_table @ 000006d4 records: 2, size/record: 4, table size: 8
	index: 0, handler: __TI_decompress_lzss
	index: 1, handler: __TI_decompress_none


GLOBAL SYMBOLS: SORTED ALPHABETICALLY BY Name 

address   name                           
-------   ----                           
000005cd  C$$EXIT                        
00000363  PLL_Init                       
000002d5  PORTE_INIT                     
000006a7  ResetISR                       
UNDEFED   SHT$$INIT_ARRAY$$Base          
UNDEFED   SHT$$INIT_ARRAY$$Limit         
0000026d  SysTick_Init                   
00000329  SysTick_delay                  
0000033d  SysTick_delay_10ms             
20000200  __STACK_END                    
00000200  __STACK_SIZE                   
20000200  __STACK_TOP                    
000006dc  __TI_CINIT_Base                
000006e4  __TI_CINIT_Limit               
000006d4  __TI_Handler_Table_Base        
000006dc  __TI_Handler_Table_Limit       
000004a1  __TI_auto_init                 
20000200  __TI_cleanup_ptr               
00000511  __TI_decompress_lzss           
00000699  __TI_decompress_none           
20000204  __TI_dtors_ptr                 
20000208  __TI_enable_exit_profile_output
ffffffff  __TI_pprof_out_hndl            
ffffffff  __TI_prof_data_size            
ffffffff  __TI_prof_data_start           
00000000  __TI_static_base__             
00000405  __aeabi_memcpy                 
00000405  __aeabi_memcpy4                
00000405  __aeabi_memcpy8                
ffffffff  __binit__                      
ffffffff  __c_args__                     
000006b7  __mpu_init                     
20000000  __stack                        
0000066d  _args_main                     
00000579  _c_int00                       
2000020c  _lock                          
00000693  _nop                           
0000068b  _register_lock                 
00000685  _register_unlock               
000006b9  _system_post_cinit             
000006b3  _system_pre_init               
20000210  _unlock                        
000005d1  abort                          
ffffffff  binit                          
00000621  copy_in                        
000005d9  exit                           
00000000  g_pfnVectors                   
00000291  main                           
20000214  main_func_sp                   
00000405  memcpy                         


GLOBAL SYMBOLS: SORTED BY Symbol Address 

address   name                           
-------   ----                           
00000000  __TI_static_base__             
00000000  g_pfnVectors                   
00000200  __STACK_SIZE                   
0000026d  SysTick_Init                   
00000291  main                           
000002d5  PORTE_INIT                     
00000329  SysTick_delay                  
0000033d  SysTick_delay_10ms             
00000363  PLL_Init                       
00000405  __aeabi_memcpy                 
00000405  __aeabi_memcpy4                
00000405  __aeabi_memcpy8                
00000405  memcpy                         
000004a1  __TI_auto_init                 
00000511  __TI_decompress_lzss           
00000579  _c_int00                       
000005cd  C$$EXIT                        
000005d1  abort                          
000005d9  exit                           
00000621  copy_in                        
0000066d  _args_main                     
00000685  _register_unlock               
0000068b  _register_lock                 
00000693  _nop                           
00000699  __TI_decompress_none           
000006a7  ResetISR                       
000006b3  _system_pre_init               
000006b7  __mpu_init                     
000006b9  _system_post_cinit             
000006d4  __TI_Handler_Table_Base        
000006dc  __TI_CINIT_Base                
000006dc  __TI_Handler_Table_Limit       
000006e4  __TI_CINIT_Limit               
20000000  __stack                        
20000200  __STACK_END                    
20000200  __STACK_TOP                    
20000200  __TI_cleanup_ptr               
20000204  __TI_dtors_ptr                 
20000208  __TI_enable_exit_profile_output
2000020c  _lock                          
20000210  _unlock                        
20000214  main_func_sp                   
ffffffff  __TI_pprof_out_hndl            
ffffffff  __TI_prof_data_size            
ffffffff  __TI_prof_data_start           
ffffffff  __binit__                      
ffffffff  __c_args__                     
ffffffff  binit                          
UNDEFED   SHT$$INIT_ARRAY$$Base          
UNDEFED   SHT$$INIT_ARRAY$$Limit         

[50 symbols]
