******************************************************************************
                  TI ARM Linker PC v16.9.3                     
******************************************************************************
>> Linked Wed Sep 06 22:59:00 2017

OUTPUT FILE NAME:   <motor speed control.out>
ENTRY POINT SYMBOL: "_c_int00"  address: 0000076d


MEMORY CONFIGURATION

         name            origin    length      used     unused   attr    fill
----------------------  --------  ---------  --------  --------  ----  --------
  FLASH                 00000000   00040000  000008f0  0003f710  R  X
  SRAM                  20000000   00008000  00000220  00007de0  RW X


SEGMENT ALLOCATION MAP

run origin  load origin   length   init length attrs members
----------  ----------- ---------- ----------- ----- -------
00000000    00000000    000008f0   000008f0    r-x
  00000000    00000000    0000026c   0000026c    r-- .intvecs
  0000026c    0000026c    0000064c   0000064c    r-x .text
  000008b8    000008b8    00000038   00000038    r-- .cinit
20000000    20000000    00000220   00000000    rw-
  20000000    20000000    00000200   00000000    rw- .stack
  20000200    20000200    00000018   00000000    rw- .data
  20000218    20000218    00000008   00000000    rw- .bss


SECTION ALLOCATION MAP

 output                                  attributes/
section   page    origin      length       input sections
--------  ----  ----------  ----------   ----------------
.intvecs   0    00000000    0000026c     
                  00000000    0000026c     tm4c123gh6pm_startup_ccs.obj (.intvecs)

.text      0    0000026c    0000064c     
                  0000026c    00000310     main.obj (.text)
                  0000057c    0000009c     rtsv7M4_T_le_v4SPD16_eabi.lib : memcpy_t2.obj (.text)
                  00000618    0000007a                                   : memset_t2.obj (.text)
                  00000692    00000002                                   : mpu_init.obj (.text)
                  00000694    00000070                                   : autoinit.obj (.text)
                  00000704    00000068                                   : copy_decompress_lzss.obj (.text:decompress:lzss)
                  0000076c    00000054                                   : boot.obj (.text)
                  000007c0    00000054                                   : exit.obj (.text)
                  00000814    0000004c                                   : cpy_tbl.obj (.text)
                  00000860    00000018                                   : args_main.obj (.text)
                  00000878    00000014                                   : _lock.obj (.text)
                  0000088c    0000000e                                   : copy_decompress_none.obj (.text:decompress:none)
                  0000089a    0000000c                                   : copy_zero_init.obj (.text:decompress:ZI)
                  000008a6    0000000c     tm4c123gh6pm_startup_ccs.obj (.text)
                  000008b2    00000004     rtsv7M4_T_le_v4SPD16_eabi.lib : pre_init.obj (.text)
                  000008b6    00000002                                   : startup.obj (.text)

.cinit     0    000008b8    00000038     
                  000008b8    00000011     (.cinit..data.load) [load image, compression = lzss]
                  000008c9    00000003     --HOLE-- [fill = 0]
                  000008cc    0000000c     (__TI_handler_table)
                  000008d8    00000008     (.cinit..bss.load) [load image, compression = zero_init]
                  000008e0    00000010     (__TI_cinit_table)

.init_array 
*          0    00000000    00000000     UNINITIALIZED

.stack     0    20000000    00000200     UNINITIALIZED
                  20000000    00000200     --HOLE--

.data      0    20000200    00000018     UNINITIALIZED
                  20000200    0000000c     rtsv7M4_T_le_v4SPD16_eabi.lib : exit.obj (.data:$O1$$)
                  2000020c    00000008                                   : _lock.obj (.data:$O1$$)
                  20000214    00000004                                   : stkdepth_vars.obj (.data)

.bss       0    20000218    00000008     UNINITIALIZED
                  20000218    00000004     (.common:H)
                  2000021c    00000004     (.common:L)

MODULE SUMMARY

       Module                         code   ro data   rw data
       ------                         ----   -------   -------
    .\
       main.obj                       784    0         8      
       tm4c123gh6pm_startup_ccs.obj   12     620       0      
    +--+------------------------------+------+---------+---------+
       Total:                         796    620       8      
                                                              
    C:\ti\ccsv7\tools\compiler\ti-cgt-arm_16.9.3.LTS\lib\rtsv7M4_T_le_v4SPD16_eabi.lib
       memcpy_t2.obj                  156    0         0      
       memset_t2.obj                  122    0         0      
       autoinit.obj                   112    0         0      
       copy_decompress_lzss.obj       104    0         0      
       exit.obj                       84     0         12     
       boot.obj                       84     0         0      
       cpy_tbl.obj                    76     0         0      
       _lock.obj                      20     0         8      
       args_main.obj                  24     0         0      
       copy_decompress_none.obj       14     0         0      
       copy_zero_init.obj             12     0         0      
       pre_init.obj                   4      0         0      
       stkdepth_vars.obj              0      0         4      
       mpu_init.obj                   2      0         0      
       startup.obj                    2      0         0      
    +--+------------------------------+------+---------+---------+
       Total:                         816    0         24     
                                                              
       Stack:                         0      0         512    
       Linker Generated:              0      53        0      
    +--+------------------------------+------+---------+---------+
       Grand Total:                   1612   673       544    


LINKER GENERATED COPY TABLES

__TI_cinit_table @ 000008e0 records: 2, size/record: 8, table size: 16
	.data: load addr=000008b8, load size=00000011 bytes, run addr=20000200, run size=00000018 bytes, compression=lzss
	.bss: load addr=000008d8, load size=00000008 bytes, run addr=20000218, run size=00000008 bytes, compression=zero_init


LINKER GENERATED HANDLER TABLE

__TI_handler_table @ 000008cc records: 3, size/record: 4, table size: 12
	index: 0, handler: __TI_decompress_lzss
	index: 1, handler: __TI_decompress_none
	index: 2, handler: __TI_zero_init


GLOBAL SYMBOLS: SORTED ALPHABETICALLY BY Name 

address   name                           
-------   ----                           
000007c1  C$$EXIT                        
20000218  H                              
2000021c  L                              
000002e7  MotorInit                      
0000026d  PLL_Init                       
0000049d  PortF_handler                  
000008a7  ResetISR                       
UNDEFED   SHT$$INIT_ARRAY$$Base          
UNDEFED   SHT$$INIT_ARRAY$$Limit         
00000411  SwitchInit                     
000003dd  SysTick_handler                
20000200  __STACK_END                    
00000200  __STACK_SIZE                   
20000200  __STACK_TOP                    
000008e0  __TI_CINIT_Base                
000008f0  __TI_CINIT_Limit               
000008cc  __TI_Handler_Table_Base        
000008d8  __TI_Handler_Table_Limit       
00000695  __TI_auto_init                 
20000200  __TI_cleanup_ptr               
00000705  __TI_decompress_lzss           
0000088d  __TI_decompress_none           
20000204  __TI_dtors_ptr                 
20000208  __TI_enable_exit_profile_output
ffffffff  __TI_pprof_out_hndl            
ffffffff  __TI_prof_data_size            
ffffffff  __TI_prof_data_start           
00000000  __TI_static_base__             
0000089b  __TI_zero_init                 
00000619  __aeabi_memclr                 
00000619  __aeabi_memclr4                
00000619  __aeabi_memclr8                
0000057d  __aeabi_memcpy                 
0000057d  __aeabi_memcpy4                
0000057d  __aeabi_memcpy8                
0000061b  __aeabi_memset                 
0000061b  __aeabi_memset4                
0000061b  __aeabi_memset8                
ffffffff  __binit__                      
ffffffff  __c_args__                     
00000693  __mpu_init                     
20000000  __stack                        
00000861  _args_main                     
0000076d  _c_int00                       
2000020c  _lock                          
00000887  _nop                           
0000087f  _register_lock                 
00000879  _register_unlock               
000008b7  _system_post_cinit             
000008b3  _system_pre_init               
20000210  _unlock                        
000007c5  abort                          
ffffffff  binit                          
00000815  copy_in                        
000007cd  exit                           
00000000  g_pfnVectors                   
000002d3  main                           
20000214  main_func_sp                   
0000057d  memcpy                         
00000621  memset                         


GLOBAL SYMBOLS: SORTED BY Symbol Address 

address   name                           
-------   ----                           
00000000  __TI_static_base__             
00000000  g_pfnVectors                   
00000200  __STACK_SIZE                   
0000026d  PLL_Init                       
000002d3  main                           
000002e7  MotorInit                      
000003dd  SysTick_handler                
00000411  SwitchInit                     
0000049d  PortF_handler                  
0000057d  __aeabi_memcpy                 
0000057d  __aeabi_memcpy4                
0000057d  __aeabi_memcpy8                
0000057d  memcpy                         
00000619  __aeabi_memclr                 
00000619  __aeabi_memclr4                
00000619  __aeabi_memclr8                
0000061b  __aeabi_memset                 
0000061b  __aeabi_memset4                
0000061b  __aeabi_memset8                
00000621  memset                         
00000693  __mpu_init                     
00000695  __TI_auto_init                 
00000705  __TI_decompress_lzss           
0000076d  _c_int00                       
000007c1  C$$EXIT                        
000007c5  abort                          
000007cd  exit                           
00000815  copy_in                        
00000861  _args_main                     
00000879  _register_unlock               
0000087f  _register_lock                 
00000887  _nop                           
0000088d  __TI_decompress_none           
0000089b  __TI_zero_init                 
000008a7  ResetISR                       
000008b3  _system_pre_init               
000008b7  _system_post_cinit             
000008cc  __TI_Handler_Table_Base        
000008d8  __TI_Handler_Table_Limit       
000008e0  __TI_CINIT_Base                
000008f0  __TI_CINIT_Limit               
20000000  __stack                        
20000200  __STACK_END                    
20000200  __STACK_TOP                    
20000200  __TI_cleanup_ptr               
20000204  __TI_dtors_ptr                 
20000208  __TI_enable_exit_profile_output
2000020c  _lock                          
20000210  _unlock                        
20000214  main_func_sp                   
20000218  H                              
2000021c  L                              
ffffffff  __TI_pprof_out_hndl            
ffffffff  __TI_prof_data_size            
ffffffff  __TI_prof_data_start           
ffffffff  __binit__                      
ffffffff  __c_args__                     
ffffffff  binit                          
UNDEFED   SHT$$INIT_ARRAY$$Base          
UNDEFED   SHT$$INIT_ARRAY$$Limit         

[60 symbols]
