******************************************************************************
                  TI ARM Linker PC v16.9.3                     
******************************************************************************
>> Linked Mon Jun 19 18:42:50 2017

OUTPUT FILE NAME:   <odd1Detector.out>
ENTRY POINT SYMBOL: "_c_int00"  address: 00000565


MEMORY CONFIGURATION

         name            origin    length      used     unused   attr    fill
----------------------  --------  ---------  --------  --------  ----  --------
  FLASH                 00000000   00040000  000006e2  0003f91e  R  X
  SRAM                  20000000   00008000  00000218  00007de8  RW X


SEGMENT ALLOCATION MAP

run origin  load origin   length   init length attrs members
----------  ----------- ---------- ----------- ----- -------
00000000    00000000    000006e4   000006e4    r-x
  00000000    00000000    0000026c   0000026c    r-- .intvecs
  0000026c    0000026c    0000043a   0000043a    r-x .text
  000006a8    000006a8    00000018   00000018    r-- .const
  000006c0    000006c0    00000024   00000024    r-- .cinit
20000000    20000000    00000218   00000000    rw-
  20000000    20000000    00000200   00000000    rw- .stack
  20000200    20000200    00000018   00000000    rw- .data


SECTION ALLOCATION MAP

 output                                  attributes/
section   page    origin      length       input sections
--------  ----  ----------  ----------   ----------------
.intvecs   0    00000000    0000026c     
                  00000000    0000026c     tm4c123gh6pm_startup_ccs.obj (.intvecs)

.text      0    0000026c    0000043a     
                  0000026c    00000184     main.obj (.text)
                  000003f0    0000009c     rtsv7M4_T_le_v4SPD16_eabi.lib : memcpy_t2.obj (.text)
                  0000048c    00000070                                   : autoinit.obj (.text)
                  000004fc    00000068                                   : copy_decompress_lzss.obj (.text:decompress:lzss)
                  00000564    00000054                                   : boot.obj (.text)
                  000005b8    00000054                                   : exit.obj (.text)
                  0000060c    0000004c                                   : cpy_tbl.obj (.text)
                  00000658    00000018                                   : args_main.obj (.text)
                  00000670    00000014                                   : _lock.obj (.text)
                  00000684    0000000e                                   : copy_decompress_none.obj (.text:decompress:none)
                  00000692    0000000c     tm4c123gh6pm_startup_ccs.obj (.text)
                  0000069e    00000004     rtsv7M4_T_le_v4SPD16_eabi.lib : pre_init.obj (.text)
                  000006a2    00000002                                   : mpu_init.obj (.text)
                  000006a4    00000002                                   : startup.obj (.text)

.const     0    000006a8    00000018     
                  000006a8    00000018     main.obj (.const:$P$T0$1)

.cinit     0    000006c0    00000024     
                  000006c0    00000011     (.cinit..data.load) [load image, compression = lzss]
                  000006d1    00000003     --HOLE-- [fill = 0]
                  000006d4    00000008     (__TI_handler_table)
                  000006dc    00000008     (__TI_cinit_table)

.init_array 
*          0    00000000    00000000     UNINITIALIZED

.stack     0    20000000    00000200     UNINITIALIZED
                  20000000    00000200     --HOLE--

.data      0    20000200    00000018     UNINITIALIZED
                  20000200    0000000c     rtsv7M4_T_le_v4SPD16_eabi.lib : exit.obj (.data:$O1$$)
                  2000020c    00000008                                   : _lock.obj (.data:$O1$$)
                  20000214    00000004                                   : stkdepth_vars.obj (.data)

MODULE SUMMARY

       Module                         code   ro data   rw data
       ------                         ----   -------   -------
    .\
       tm4c123gh6pm_startup_ccs.obj   12     620       0      
       main.obj                       388    24        0      
    +--+------------------------------+------+---------+---------+
       Total:                         400    644       0      
                                                              
    C:\ti\ccsv7\tools\compiler\ti-cgt-arm_16.9.3.LTS\lib\rtsv7M4_T_le_v4SPD16_eabi.lib
       memcpy_t2.obj                  156    0         0      
       autoinit.obj                   112    0         0      
       copy_decompress_lzss.obj       104    0         0      
       exit.obj                       84     0         12     
       boot.obj                       84     0         0      
       cpy_tbl.obj                    76     0         0      
       _lock.obj                      20     0         8      
       args_main.obj                  24     0         0      
       copy_decompress_none.obj       14     0         0      
       pre_init.obj                   4      0         0      
       stkdepth_vars.obj              0      0         4      
       mpu_init.obj                   2      0         0      
       startup.obj                    2      0         0      
    +--+------------------------------+------+---------+---------+
       Total:                         682    0         24     
                                                              
       Stack:                         0      0         512    
       Linker Generated:              0      33        0      
    +--+------------------------------+------+---------+---------+
       Grand Total:                   1082   677       536    


LINKER GENERATED COPY TABLES

__TI_cinit_table @ 000006dc records: 1, size/record: 8, table size: 8
	.data: load addr=000006c0, load size=00000011 bytes, run addr=20000200, run size=00000018 bytes, compression=lzss


LINKER GENERATED HANDLER TABLE

__TI_handler_table @ 000006d4 records: 2, size/record: 4, table size: 8
	index: 0, handler: __TI_decompress_lzss
	index: 1, handler: __TI_decompress_none


GLOBAL SYMBOLS: SORTED ALPHABETICALLY BY Name 

address   name                           
-------   ----                           
000005b9  C$$EXIT                        
0000034f  PLL_Init                       
000002fb  PORTE_INIT                     
00000693  ResetISR                       
UNDEFED   SHT$$INIT_ARRAY$$Base          
UNDEFED   SHT$$INIT_ARRAY$$Limit         
00000299  SysTick_Delay_10ms             
0000026d  SysTick_Init                   
20000200  __STACK_END                    
00000200  __STACK_SIZE                   
20000200  __STACK_TOP                    
000006dc  __TI_CINIT_Base                
000006e4  __TI_CINIT_Limit               
000006d4  __TI_Handler_Table_Base        
000006dc  __TI_Handler_Table_Limit       
0000048d  __TI_auto_init                 
20000200  __TI_cleanup_ptr               
000004fd  __TI_decompress_lzss           
00000685  __TI_decompress_none           
20000204  __TI_dtors_ptr                 
20000208  __TI_enable_exit_profile_output
ffffffff  __TI_pprof_out_hndl            
ffffffff  __TI_prof_data_size            
ffffffff  __TI_prof_data_start           
00000000  __TI_static_base__             
000003f1  __aeabi_memcpy                 
000003f1  __aeabi_memcpy4                
000003f1  __aeabi_memcpy8                
ffffffff  __binit__                      
ffffffff  __c_args__                     
000006a3  __mpu_init                     
20000000  __stack                        
00000659  _args_main                     
00000565  _c_int00                       
2000020c  _lock                          
0000067f  _nop                           
00000677  _register_lock                 
00000671  _register_unlock               
000006a5  _system_post_cinit             
0000069f  _system_pre_init               
20000210  _unlock                        
000005bd  abort                          
ffffffff  binit                          
0000060d  copy_in                        
000005c5  exit                           
00000000  g_pfnVectors                   
000002bf  main                           
20000214  main_func_sp                   
000003f1  memcpy                         


GLOBAL SYMBOLS: SORTED BY Symbol Address 

address   name                           
-------   ----                           
00000000  __TI_static_base__             
00000000  g_pfnVectors                   
00000200  __STACK_SIZE                   
0000026d  SysTick_Init                   
00000299  SysTick_Delay_10ms             
000002bf  main                           
000002fb  PORTE_INIT                     
0000034f  PLL_Init                       
000003f1  __aeabi_memcpy                 
000003f1  __aeabi_memcpy4                
000003f1  __aeabi_memcpy8                
000003f1  memcpy                         
0000048d  __TI_auto_init                 
000004fd  __TI_decompress_lzss           
00000565  _c_int00                       
000005b9  C$$EXIT                        
000005bd  abort                          
000005c5  exit                           
0000060d  copy_in                        
00000659  _args_main                     
00000671  _register_unlock               
00000677  _register_lock                 
0000067f  _nop                           
00000685  __TI_decompress_none           
00000693  ResetISR                       
0000069f  _system_pre_init               
000006a3  __mpu_init                     
000006a5  _system_post_cinit             
000006d4  __TI_Handler_Table_Base        
000006dc  __TI_CINIT_Base                
000006dc  __TI_Handler_Table_Limit       
000006e4  __TI_CINIT_Limit               
20000000  __stack                        
20000200  __STACK_END                    
20000200  __STACK_TOP                    
20000200  __TI_cleanup_ptr               
20000204  __TI_dtors_ptr                 
20000208  __TI_enable_exit_profile_output
2000020c  _lock                          
20000210  _unlock                        
20000214  main_func_sp                   
ffffffff  __TI_pprof_out_hndl            
ffffffff  __TI_prof_data_size            
ffffffff  __TI_prof_data_start           
ffffffff  __binit__                      
ffffffff  __c_args__                     
ffffffff  binit                          
UNDEFED   SHT$$INIT_ARRAY$$Base          
UNDEFED   SHT$$INIT_ARRAY$$Limit         

[49 symbols]
