******************************************************************************
                  TI ARM Linker PC v16.9.3                     
******************************************************************************
>> Linked Wed Jun 21 11:26:06 2017

OUTPUT FILE NAME:   <TrafficFSM.out>
ENTRY POINT SYMBOL: "_c_int00"  address: 000005e1


MEMORY CONFIGURATION

         name            origin    length      used     unused   attr    fill
----------------------  --------  ---------  --------  --------  ----  --------
  FLASH                 00000000   00040000  00000766  0003f89a  R  X
  SRAM                  20000000   00008000  00000278  00007d88  RW X


SEGMENT ALLOCATION MAP

run origin  load origin   length   init length attrs members
----------  ----------- ---------- ----------- ----- -------
00000000    00000000    0000076c   0000076c    r-x
  00000000    00000000    0000026c   0000026c    r-- .intvecs
  0000026c    0000026c    000004b6   000004b6    r-x .text
  00000728    00000728    00000044   00000044    r-- .cinit
20000000    20000000    00000278   00000000    rw-
  20000000    20000000    00000200   00000000    rw- .stack
  20000200    20000200    00000078   00000000    rw- .data


SECTION ALLOCATION MAP

 output                                  attributes/
section   page    origin      length       input sections
--------  ----  ----------  ----------   ----------------
.intvecs   0    00000000    0000026c     
                  00000000    0000026c     tm4c123gh6pm_startup_ccs.obj (.intvecs)

.text      0    0000026c    000004b6     
                  0000026c    00000200     main.obj (.text)
                  0000046c    0000009c     rtsv7M4_T_le_v4SPD16_eabi.lib : memcpy_t2.obj (.text)
                  00000508    00000070                                   : autoinit.obj (.text)
                  00000578    00000068                                   : copy_decompress_lzss.obj (.text:decompress:lzss)
                  000005e0    00000054                                   : boot.obj (.text)
                  00000634    00000054                                   : exit.obj (.text)
                  00000688    0000004c                                   : cpy_tbl.obj (.text)
                  000006d4    00000018                                   : args_main.obj (.text)
                  000006ec    00000014                                   : _lock.obj (.text)
                  00000700    0000000e                                   : copy_decompress_none.obj (.text:decompress:none)
                  0000070e    0000000c     tm4c123gh6pm_startup_ccs.obj (.text)
                  0000071a    00000004     rtsv7M4_T_le_v4SPD16_eabi.lib : pre_init.obj (.text)
                  0000071e    00000002                                   : mpu_init.obj (.text)
                  00000720    00000002                                   : startup.obj (.text)

.cinit     0    00000728    00000044     
                  00000728    00000032     (.cinit..data.load) [load image, compression = lzss]
                  0000075a    00000002     --HOLE-- [fill = 0]
                  0000075c    00000008     (__TI_handler_table)
                  00000764    00000008     (__TI_cinit_table)

.init_array 
*          0    00000000    00000000     UNINITIALIZED

.stack     0    20000000    00000200     UNINITIALIZED
                  20000000    00000200     --HOLE--

.data      0    20000200    00000078     UNINITIALIZED
                  20000200    00000060     main.obj (.data:fsm)
                  20000260    0000000c     rtsv7M4_T_le_v4SPD16_eabi.lib : exit.obj (.data:$O1$$)
                  2000026c    00000008                                   : _lock.obj (.data:$O1$$)
                  20000274    00000004                                   : stkdepth_vars.obj (.data)

MODULE SUMMARY

       Module                         code   ro data   rw data
       ------                         ----   -------   -------
    .\
       tm4c123gh6pm_startup_ccs.obj   12     620       0      
       main.obj                       512    0         96     
    +--+------------------------------+------+---------+---------+
       Total:                         524    620       96     
                                                              
    C:\ti\ccsv7\tools\compiler\ti-cgt-arm_16.9.3.LTS\lib\rtsv7M4_T_le_v4SPD16_eabi.lib
       memcpy_t2.obj                  156    0         0      
       autoinit.obj                   112    0         0      
       copy_decompress_lzss.obj       104    0         0      
       exit.obj                       84     0         12     
       boot.obj                       84     0         0      
       cpy_tbl.obj                    76     0         0      
       _lock.obj                      20     0         8      
       args_main.obj                  24     0         0      
       copy_decompress_none.obj       14     0         0      
       pre_init.obj                   4      0         0      
       stkdepth_vars.obj              0      0         4      
       mpu_init.obj                   2      0         0      
       startup.obj                    2      0         0      
    +--+------------------------------+------+---------+---------+
       Total:                         682    0         24     
                                                              
       Stack:                         0      0         512    
       Linker Generated:              0      66        0      
    +--+------------------------------+------+---------+---------+
       Grand Total:                   1206   686       632    


LINKER GENERATED COPY TABLES

__TI_cinit_table @ 00000764 records: 1, size/record: 8, table size: 8
	.data: load addr=00000728, load size=00000032 bytes, run addr=20000200, run size=00000078 bytes, compression=lzss


LINKER GENERATED HANDLER TABLE

__TI_handler_table @ 0000075c records: 2, size/record: 4, table size: 8
	index: 0, handler: __TI_decompress_lzss
	index: 1, handler: __TI_decompress_none


GLOBAL SYMBOLS: SORTED ALPHABETICALLY BY Name 

address   name                           
-------   ----                           
00000635  C$$EXIT                        
000003ab  PLL_Init                       
00000361  PORTB_Init                     
00000317  PORTE_Init                     
0000070f  ResetISR                       
UNDEFED   SHT$$INIT_ARRAY$$Base          
UNDEFED   SHT$$INIT_ARRAY$$Limit         
0000026d  SysTick_Delay                  
00000299  SysTick_Delay_10ms             
20000200  __STACK_END                    
00000200  __STACK_SIZE                   
20000200  __STACK_TOP                    
00000764  __TI_CINIT_Base                
0000076c  __TI_CINIT_Limit               
0000075c  __TI_Handler_Table_Base        
00000764  __TI_Handler_Table_Limit       
00000509  __TI_auto_init                 
20000260  __TI_cleanup_ptr               
00000579  __TI_decompress_lzss           
00000701  __TI_decompress_none           
20000264  __TI_dtors_ptr                 
20000268  __TI_enable_exit_profile_output
ffffffff  __TI_pprof_out_hndl            
ffffffff  __TI_prof_data_size            
ffffffff  __TI_prof_data_start           
00000000  __TI_static_base__             
0000046d  __aeabi_memcpy                 
0000046d  __aeabi_memcpy4                
0000046d  __aeabi_memcpy8                
ffffffff  __binit__                      
ffffffff  __c_args__                     
0000071f  __mpu_init                     
20000000  __stack                        
000006d5  _args_main                     
000005e1  _c_int00                       
2000026c  _lock                          
000006fb  _nop                           
000006f3  _register_lock                 
000006ed  _register_unlock               
00000721  _system_post_cinit             
0000071b  _system_pre_init               
20000270  _unlock                        
00000639  abort                          
ffffffff  binit                          
00000689  copy_in                        
00000641  exit                           
20000200  fsm                            
00000000  g_pfnVectors                   
000002bf  main                           
20000274  main_func_sp                   
0000046d  memcpy                         


GLOBAL SYMBOLS: SORTED BY Symbol Address 

address   name                           
-------   ----                           
00000000  __TI_static_base__             
00000000  g_pfnVectors                   
00000200  __STACK_SIZE                   
0000026d  SysTick_Delay                  
00000299  SysTick_Delay_10ms             
000002bf  main                           
00000317  PORTE_Init                     
00000361  PORTB_Init                     
000003ab  PLL_Init                       
0000046d  __aeabi_memcpy                 
0000046d  __aeabi_memcpy4                
0000046d  __aeabi_memcpy8                
0000046d  memcpy                         
00000509  __TI_auto_init                 
00000579  __TI_decompress_lzss           
000005e1  _c_int00                       
00000635  C$$EXIT                        
00000639  abort                          
00000641  exit                           
00000689  copy_in                        
000006d5  _args_main                     
000006ed  _register_unlock               
000006f3  _register_lock                 
000006fb  _nop                           
00000701  __TI_decompress_none           
0000070f  ResetISR                       
0000071b  _system_pre_init               
0000071f  __mpu_init                     
00000721  _system_post_cinit             
0000075c  __TI_Handler_Table_Base        
00000764  __TI_CINIT_Base                
00000764  __TI_Handler_Table_Limit       
0000076c  __TI_CINIT_Limit               
20000000  __stack                        
20000200  __STACK_END                    
20000200  __STACK_TOP                    
20000200  fsm                            
20000260  __TI_cleanup_ptr               
20000264  __TI_dtors_ptr                 
20000268  __TI_enable_exit_profile_output
2000026c  _lock                          
20000270  _unlock                        
20000274  main_func_sp                   
ffffffff  __TI_pprof_out_hndl            
ffffffff  __TI_prof_data_size            
ffffffff  __TI_prof_data_start           
ffffffff  __binit__                      
ffffffff  __c_args__                     
ffffffff  binit                          
UNDEFED   SHT$$INIT_ARRAY$$Base          
UNDEFED   SHT$$INIT_ARRAY$$Limit         

[51 symbols]
