******************************************************************************
                  TI ARM Linker PC v16.9.3                     
******************************************************************************
>> Linked Fri Jul 21 15:16:10 2017

OUTPUT FILE NAME:   <ADC_potAndLed.out>
ENTRY POINT SYMBOL: "_c_int00"  address: 0000092d


MEMORY CONFIGURATION

         name            origin    length      used     unused   attr    fill
----------------------  --------  ---------  --------  --------  ----  --------
  FLASH                 00000000   00040000  00000af2  0003f50e  R  X
  SRAM                  20000000   00008000  00000218  00007de8  RW X


SEGMENT ALLOCATION MAP

run origin  load origin   length   init length attrs members
----------  ----------- ---------- ----------- ----- -------
00000000    00000000    00000af4   00000af4    r-x
  00000000    00000000    0000026c   0000026c    r-- .intvecs
  0000026c    0000026c    00000862   00000862    r-x .text
  00000ad0    00000ad0    00000024   00000024    r-- .cinit
20000000    20000000    00000218   00000000    rw-
  20000000    20000000    00000200   00000000    rw- .stack
  20000200    20000200    00000018   00000000    rw- .data


SECTION ALLOCATION MAP

 output                                  attributes/
section   page    origin      length       input sections
--------  ----  ----------  ----------   ----------------
.intvecs   0    00000000    0000026c     
                  00000000    0000026c     tm4c123gh6pm_startup_ccs.obj (.intvecs)

.text      0    0000026c    00000862     
                  0000026c    000001b6     rtsv7M4_T_le_v4SPD16_eabi.lib : fd_add_t2.obj (.text)
                  00000422    00000002                                   : mpu_init.obj (.text)
                  00000424    00000160     main.obj (.text)
                  00000584    00000136     rtsv7M4_T_le_v4SPD16_eabi.lib : fd_div_t2.obj (.text)
                  000006ba    000000fc                                   : fd_mul_t2.obj (.text)
                  000007b6    0000009c                                   : memcpy_t2.obj (.text)
                  00000852    00000002                                   : startup.obj (.text)
                  00000854    00000070                                   : autoinit.obj (.text)
                  000008c4    00000068                                   : copy_decompress_lzss.obj (.text:decompress:lzss)
                  0000092c    00000054                                   : boot.obj (.text)
                  00000980    00000054                                   : exit.obj (.text)
                  000009d4    0000004c                                   : cpy_tbl.obj (.text)
                  00000a20    00000044                                   : fd_tou_t2.obj (.text)
                  00000a64    00000020                                   : u_tofd_t2.obj (.text)
                  00000a84    00000018                                   : args_main.obj (.text)
                  00000a9c    00000014                                   : _lock.obj (.text)
                  00000ab0    0000000e                                   : copy_decompress_none.obj (.text:decompress:none)
                  00000abe    0000000c     tm4c123gh6pm_startup_ccs.obj (.text)
                  00000aca    00000004     rtsv7M4_T_le_v4SPD16_eabi.lib : pre_init.obj (.text)

.cinit     0    00000ad0    00000024     
                  00000ad0    00000011     (.cinit..data.load) [load image, compression = lzss]
                  00000ae1    00000003     --HOLE-- [fill = 0]
                  00000ae4    00000008     (__TI_handler_table)
                  00000aec    00000008     (__TI_cinit_table)

.init_array 
*          0    00000000    00000000     UNINITIALIZED

.stack     0    20000000    00000200     UNINITIALIZED
                  20000000    00000200     --HOLE--

.data      0    20000200    00000018     UNINITIALIZED
                  20000200    0000000c     rtsv7M4_T_le_v4SPD16_eabi.lib : exit.obj (.data:$O1$$)
                  2000020c    00000008                                   : _lock.obj (.data:$O1$$)
                  20000214    00000004                                   : stkdepth_vars.obj (.data)

MODULE SUMMARY

       Module                         code   ro data   rw data
       ------                         ----   -------   -------
    .\
       tm4c123gh6pm_startup_ccs.obj   12     620       0      
       main.obj                       352    0         0      
    +--+------------------------------+------+---------+---------+
       Total:                         364    620       0      
                                                              
    C:\ti\ccsv7\tools\compiler\ti-cgt-arm_16.9.3.LTS\lib\rtsv7M4_T_le_v4SPD16_eabi.lib
       fd_add_t2.obj                  438    0         0      
       fd_div_t2.obj                  310    0         0      
       fd_mul_t2.obj                  252    0         0      
       memcpy_t2.obj                  156    0         0      
       autoinit.obj                   112    0         0      
       copy_decompress_lzss.obj       104    0         0      
       exit.obj                       84     0         12     
       boot.obj                       84     0         0      
       cpy_tbl.obj                    76     0         0      
       fd_tou_t2.obj                  68     0         0      
       u_tofd_t2.obj                  32     0         0      
       _lock.obj                      20     0         8      
       args_main.obj                  24     0         0      
       copy_decompress_none.obj       14     0         0      
       pre_init.obj                   4      0         0      
       stkdepth_vars.obj              0      0         4      
       mpu_init.obj                   2      0         0      
       startup.obj                    2      0         0      
    +--+------------------------------+------+---------+---------+
       Total:                         1782   0         24     
                                                              
       Stack:                         0      0         512    
       Linker Generated:              0      33        0      
    +--+------------------------------+------+---------+---------+
       Grand Total:                   2146   653       536    


LINKER GENERATED COPY TABLES

__TI_cinit_table @ 00000aec records: 1, size/record: 8, table size: 8
	.data: load addr=00000ad0, load size=00000011 bytes, run addr=20000200, run size=00000018 bytes, compression=lzss


LINKER GENERATED HANDLER TABLE

__TI_handler_table @ 00000ae4 records: 2, size/record: 4, table size: 8
	index: 0, handler: __TI_decompress_lzss
	index: 1, handler: __TI_decompress_none


GLOBAL SYMBOLS: SORTED ALPHABETICALLY BY Name 

address   name                           
-------   ----                           
000004e3  ADC_Init                       
00000981  C$$EXIT                        
00000425  PORTF_Init                     
00000abf  ResetISR                       
UNDEFED   SHT$$INIT_ARRAY$$Base          
UNDEFED   SHT$$INIT_ARRAY$$Limit         
20000200  __STACK_END                    
00000200  __STACK_SIZE                   
20000200  __STACK_TOP                    
00000aec  __TI_CINIT_Base                
00000af4  __TI_CINIT_Limit               
00000ae4  __TI_Handler_Table_Base        
00000aec  __TI_Handler_Table_Limit       
00000855  __TI_auto_init                 
20000200  __TI_cleanup_ptr               
000008c5  __TI_decompress_lzss           
00000ab1  __TI_decompress_none           
20000204  __TI_dtors_ptr                 
20000208  __TI_enable_exit_profile_output
ffffffff  __TI_pprof_out_hndl            
ffffffff  __TI_prof_data_size            
ffffffff  __TI_prof_data_start           
00000000  __TI_static_base__             
00000a21  __aeabi_d2uiz                  
00000277  __aeabi_dadd                   
00000585  __aeabi_ddiv                   
000006bb  __aeabi_dmul                   
0000026d  __aeabi_dsub                   
000007b7  __aeabi_memcpy                 
000007b7  __aeabi_memcpy4                
000007b7  __aeabi_memcpy8                
00000a65  __aeabi_ui2d                   
ffffffff  __binit__                      
ffffffff  __c_args__                     
00000423  __mpu_init                     
20000000  __stack                        
00000a85  _args_main                     
0000092d  _c_int00                       
2000020c  _lock                          
00000aab  _nop                           
00000aa3  _register_lock                 
00000a9d  _register_unlock               
00000853  _system_post_cinit             
00000acb  _system_pre_init               
20000210  _unlock                        
00000985  abort                          
ffffffff  binit                          
000009d5  copy_in                        
0000098d  exit                           
00000000  g_pfnVectors                   
00000451  main                           
20000214  main_func_sp                   
000007b7  memcpy                         


GLOBAL SYMBOLS: SORTED BY Symbol Address 

address   name                           
-------   ----                           
00000000  __TI_static_base__             
00000000  g_pfnVectors                   
00000200  __STACK_SIZE                   
0000026d  __aeabi_dsub                   
00000277  __aeabi_dadd                   
00000423  __mpu_init                     
00000425  PORTF_Init                     
00000451  main                           
000004e3  ADC_Init                       
00000585  __aeabi_ddiv                   
000006bb  __aeabi_dmul                   
000007b7  __aeabi_memcpy                 
000007b7  __aeabi_memcpy4                
000007b7  __aeabi_memcpy8                
000007b7  memcpy                         
00000853  _system_post_cinit             
00000855  __TI_auto_init                 
000008c5  __TI_decompress_lzss           
0000092d  _c_int00                       
00000981  C$$EXIT                        
00000985  abort                          
0000098d  exit                           
000009d5  copy_in                        
00000a21  __aeabi_d2uiz                  
00000a65  __aeabi_ui2d                   
00000a85  _args_main                     
00000a9d  _register_unlock               
00000aa3  _register_lock                 
00000aab  _nop                           
00000ab1  __TI_decompress_none           
00000abf  ResetISR                       
00000acb  _system_pre_init               
00000ae4  __TI_Handler_Table_Base        
00000aec  __TI_CINIT_Base                
00000aec  __TI_Handler_Table_Limit       
00000af4  __TI_CINIT_Limit               
20000000  __stack                        
20000200  __STACK_END                    
20000200  __STACK_TOP                    
20000200  __TI_cleanup_ptr               
20000204  __TI_dtors_ptr                 
20000208  __TI_enable_exit_profile_output
2000020c  _lock                          
20000210  _unlock                        
20000214  main_func_sp                   
ffffffff  __TI_pprof_out_hndl            
ffffffff  __TI_prof_data_size            
ffffffff  __TI_prof_data_start           
ffffffff  __binit__                      
ffffffff  __c_args__                     
ffffffff  binit                          
UNDEFED   SHT$$INIT_ARRAY$$Base          
UNDEFED   SHT$$INIT_ARRAY$$Limit         

[53 symbols]
